[INFO] Scanning for projects...
[INFO] 
[INFO] --------------------------< com.example:demo >--------------------------
[INFO] Building  0.0.1-SNAPSHOT
[INFO]   from pom.xml
[INFO] --------------------------------[ war ]---------------------------------
[INFO] 
[INFO] --- clean:3.4.1:clean (default-clean) @ demo ---
[INFO] Deleting D:\demojava\demo\demo\target
[INFO] 
[INFO] --- resources:3.3.1:copy-resources (copy-resources) @ demo ---
[INFO] Copying 14 resources from src\main\frontend\build to target\classes\static
[INFO] 
[INFO] --- frontend:1.12.1:install-node-and-npm (install node and npm) @ demo ---
[INFO] Node v18.20.0 is already installed.
[INFO] NPM 10.5.0 is already installed.
[INFO] 
[INFO] --- frontend:1.12.1:npm (npm install) @ demo ---
[INFO] Running 'npm install' in D:\demojava\demo\demo\src\main\frontend
[INFO] 
[INFO] up to date, audited 1314 packages in 3s
[INFO] 
[INFO] 268 packages are looking for funding
[INFO]   run `npm fund` for details
[INFO] 
[INFO] 26 vulnerabilities (9 low, 3 moderate, 14 high)
[INFO] 
[INFO] To address issues that do not require attention, run:
[INFO]   npm audit fix
[INFO] 
[INFO] To address all issues (including breaking changes), run:
[INFO]   npm audit fix --force
[INFO] 
[INFO] Run `npm audit` for details.
[INFO] 
[INFO] --- frontend:1.12.1:npm (npm build) @ demo ---
[INFO] Running 'npm run build' in D:\demojava\demo\demo\src\main\frontend
[INFO] 
[INFO] > frontend@0.1.0 build
[INFO] > react-scripts build
[INFO] 
[INFO] Creating an optimized production build...
[INFO] Compiled with warnings.
[INFO] 
[INFO] [eslint] 
[INFO] src\App.js
[INFO]   Line 107:6:  React Hook useEffect has missing dependencies: 'buildPath' and 'navigate'. Either include them or remove the dependency array  react-hooks/exhaustive-deps
[INFO] 
[INFO] Search for the keywords to learn more about each warning.
[INFO] To ignore, add // eslint-disable-next-line to the line before.
[INFO] 
[INFO] File sizes after gzip:
[INFO] 
[INFO]   62.48 kB  build\static\js\main.85eb3d8e.js
[INFO]   1.76 kB   build\static\js\453.825386d9.chunk.js
[INFO]   837 B     build\static\css\main.51dd9b7c.css
[INFO] 
[INFO] The project was built assuming it is hosted at ./.
[INFO] You can control this with the homepage field in your package.json.
[INFO] 
[INFO] The build folder is ready to be deployed.
[INFO] 
[INFO] Find out more about deployment here:
[INFO] 
[INFO]   https://cra.link/deployment
[INFO] 
[INFO] 
[INFO] --- resources:3.3.1:resources (default-resources) @ demo ---
[INFO] Copying 1 resource from src\main\resources to target\classes
[INFO] Copying 0 resource from src\main\resources to target\classes
[INFO] 
[INFO] --- compiler:3.14.1:compile (default-compile) @ demo ---
[INFO] Recompiling the module because of changed source code.
[INFO] Compiling 11 source files with javac [debug parameters release 17] to target\classes
[INFO] 
[INFO] --- resources:3.3.1:testResources (default-testResources) @ demo ---
[INFO] skip non existing resourceDirectory D:\demojava\demo\demo\src\test\resources
[INFO] 
[INFO] --- compiler:3.14.1:testCompile (default-testCompile) @ demo ---
[INFO] Recompiling the module because of changed dependency.
[INFO] Compiling 1 source file with javac [debug parameters release 17] to target\test-classes
[INFO] 
[INFO] --- surefire:3.5.4:test (default-test) @ demo ---
[INFO] Tests are skipped.
[INFO] 
[INFO] --- war:3.4.0:war (default-war) @ demo ---
[INFO] Packaging webapp
[INFO] Assembling webapp [demo] in [D:\demojava\demo\demo\target\demo-0.0.1-SNAPSHOT]
[INFO] Processing war project
[INFO] Copying webapp resources [D:\demojava\demo\demo\src\main\webapp]
[INFO] Building war: D:\demojava\demo\demo\target\demo-0.0.1-SNAPSHOT.war
[INFO] 
[INFO] --- spring-boot:3.5.8-SNAPSHOT:repackage (repackage) @ demo ---
[INFO] Replacing main artifact D:\demojava\demo\demo\target\demo-0.0.1-SNAPSHOT.war with repackaged archive, adding nested dependencies in BOOT-INF/.
[INFO] The original artifact has been renamed to D:\demojava\demo\demo\target\demo-0.0.1-SNAPSHOT.war.original
[INFO] ------------------------------------------------------------------------
[INFO] BUILD SUCCESS
[INFO] ------------------------------------------------------------------------
[INFO] Total time:  17.738 s
[INFO] Finished at: 2026-04-06T10:42:22+07:00
[INFO] ------------------------------------------------------------------------
